EVMAXV = 14 (제일 많은 칸: hanzo.EV_CHARSELCHAT 14개)
화자끼리 겹치는 대사 170건 (그중 맨 앞에 오는 것은 위 주의로 따로 뽑았다). 전부 보려면 --dups
썼다: /tmp/gen_lines_out.h  (화자 15 × 이벤트 63)
  주의: EV_ROUND: hanzo, shiki 가 **똑같은 말로 시작한다** — "…간다" (정렬하면 맨 앞에 온다. 실행기에서 이 줄을 갈라 줘라)
  주의: EV_LOW2: sogetsu, asura 가 **똑같은 말로 시작한다** — "끝내라. 망설이지 마라" (정렬하면 맨 앞에 온다. 실행기에서 이 줄을 갈라 줘라)
  주의: EV_LOSETALK: jubei, sogetsu, asura 가 **똑같은 말로 시작한다** — "검이 무뎠나. 다시 잡아라" (정렬하면 맨 앞에 온다. 실행기에서 이 줄을 갈라 줘라)
  주의: EV_SURV: sogetsu, shiki 가 **똑같은 말로 시작한다** — "%d연승. 신기록이다" (정렬하면 맨 앞에 온다. 실행기에서 이 줄을 갈라 줘라)
  주의: EV_SURVEND: genjuro, asura 가 **똑같은 말로 시작한다** — "%d명 베고 여기까지군" (정렬하면 맨 앞에 온다. 실행기에서 이 줄을 갈라 줘라)
  주의: EV_STAGE: genjuro, sogetsu 가 **똑같은 말로 시작한다** — "여기부터는 진짜배기들이다" (정렬하면 맨 앞에 온다. 실행기에서 이 줄을 갈라 줘라)
  주의: EV_QUOTE: rimururu, ukyo 가 **똑같은 말로 시작한다** — "말보다 검이지" (정렬하면 맨 앞에 온다. 실행기에서 이 줄을 갈라 줘라)
  주의: EV_CARDSEL: haohmaru, kazuki 가 **똑같은 말로 시작한다** — "받아 둬라, 공짜다" (정렬하면 맨 앞에 온다. 실행기에서 이 줄을 갈라 줘라)
  주의: EV_MUSE_Q: haohmaru, rimururu, kazuki 가 **똑같은 말로 시작한다** — "…말은 됐고" (정렬하면 맨 앞에 온다. 실행기에서 이 줄을 갈라 줘라)
  주의: EV_MUSE_Q: genjuro, sogetsu, asura 가 **똑같은 말로 시작한다** — "…말은 됐다" (정렬하면 맨 앞에 온다. 실행기에서 이 줄을 갈라 줘라)
  주의: EV_MUSE_M: sogetsu, asura 가 **똑같은 말로 시작한다** — "…조용하군" (정렬하면 맨 앞에 온다. 실행기에서 이 줄을 갈라 줘라)
  주의: EV_MENUIDLE: hanzo, sogetsu 가 **똑같은 말로 시작한다** — "…서두를 것 없다" (정렬하면 맨 앞에 온다. 실행기에서 이 줄을 갈라 줘라)
  주의: EV_MATCHPOINT: genjuro, sogetsu 가 **똑같은 말로 시작한다** — "마지막 판이다. 전부 걸어라" (정렬하면 맨 앞에 온다. 실행기에서 이 줄을 갈라 줘라)
  주의: EV_DOUBLELOW: jubei, yuga 가 **똑같은 말로 시작한다** — "둘 다 벼랑 끝이군" (정렬하면 맨 앞에 온다. 실행기에서 이 줄을 갈라 줘라)
  주의: EV_OPPSP: haohmaru, rimururu, kazuki 가 **똑같은 말로 시작한다** — "온다!" (정렬하면 맨 앞에 온다. 실행기에서 이 줄을 갈라 줘라)
  주의: EV_OPPSP: genjuro, ukyo, asura 가 **똑같은 말로 시작한다** — "온다" (정렬하면 맨 앞에 온다. 실행기에서 이 줄을 갈라 줘라)
  주의: EV_MOVEDOWN: genjuro, ukyo, jubei, yuga 가 **똑같은 말로 시작한다** — "%s로 눕혔군" (정렬하면 맨 앞에 온다. 실행기에서 이 줄을 갈라 줘라)
  주의: EV_MOVEDOWN: sogetsu, asura, shiki 가 **똑같은 말로 시작한다** — "%s로 눕혔다" (정렬하면 맨 앞에 온다. 실행기에서 이 줄을 갈라 줘라)
  주의: EV_MOVEKO: jubei, sogetsu 가 **똑같은 말로 시작한다** — "%s. 승부는 났다" (정렬하면 맨 앞에 온다. 실행기에서 이 줄을 갈라 줘라)
  주의: EV_FLOWSAME: haohmaru, genjuro, jubei, kazuki, asura 가 **똑같은 말로 시작한다** — "%s로 계속 당하는군" (정렬하면 맨 앞에 온다. 실행기에서 이 줄을 갈라 줘라)
  주의: EV_FLOWSAME: sogetsu, shiki 가 **똑같은 말로 시작한다** — "%s로 계속 당한다" (정렬하면 맨 앞에 온다. 실행기에서 이 줄을 갈라 줘라)
  주의: EV_FLOWONE: genjuro, kazuki 가 **똑같은 말로 시작한다** — "완전히 흐름을 쥐었군" (정렬하면 맨 앞에 온다. 실행기에서 이 줄을 갈라 줘라)
  주의: EV_FLOWONE: ukyo, shiki 가 **똑같은 말로 시작한다** — "손도 못 대는군" (정렬하면 맨 앞에 온다. 실행기에서 이 줄을 갈라 줘라)
  주의: EV_FLOWONE: jubei, sogetsu, asura 가 **똑같은 말로 시작한다** — "완전히 흐름을 쥐었다" (정렬하면 맨 앞에 온다. 실행기에서 이 줄을 갈라 줘라)
  주의: EV_FLOWCHASE: genjuro, jubei 가 **똑같은 말로 시작한다** — "맞기만 하는군. 한 번 끊어라" (정렬하면 맨 앞에 온다. 실행기에서 이 줄을 갈라 줘라)
  주의: EV_FLOWCHASE: ukyo, asura 가 **똑같은 말로 시작한다** — "되받아치질 못하는군" (정렬하면 맨 앞에 온다. 실행기에서 이 줄을 갈라 줘라)
  주의: EV_ARCSWEEP: haohmaru, jubei 가 **똑같은 말로 시작한다** — "두 판 내리 가져갔군. 깔끔하다" (정렬하면 맨 앞에 온다. 실행기에서 이 줄을 갈라 줘라)
  주의: EV_ARCSWEEP: ukyo, kazuki, asura, yuga 가 **똑같은 말로 시작한다** — "두 판 내리 가져갔군" (정렬하면 맨 앞에 온다. 실행기에서 이 줄을 갈라 줘라)
  주의: EV_ARCSWEEP: sogetsu, shiki 가 **똑같은 말로 시작한다** — "두 판 내리 가져갔다" (정렬하면 맨 앞에 온다. 실행기에서 이 줄을 갈라 줘라)
  주의: EV_ARCSWEPT: nakoruru, hanzo 가 **똑같은 말로 시작한다** — "…두 판 모두 내줬다" (정렬하면 맨 앞에 온다. 실행기에서 이 줄을 갈라 줘라)
  주의: EV_ARCSWEPT: kazuki, asura, yuga 가 **똑같은 말로 시작한다** — "두 판 내리 내줬군" (정렬하면 맨 앞에 온다. 실행기에서 이 줄을 갈라 줘라)
  주의: EV_ARCCOMEBACK: genjuro, ukyo, jubei, asura 가 **똑같은 말로 시작한다** — "뒤에서 따라붙어 넘어섰군" (정렬하면 맨 앞에 온다. 실행기에서 이 줄을 갈라 줘라)
  주의: EV_ARCSWEAT: haohmaru, jubei 가 **똑같은 말로 시작한다** — "끝까지 갈린 판이군. 훌륭하다" (정렬하면 맨 앞에 온다. 실행기에서 이 줄을 갈라 줘라)
  주의: EV_ARCSWEAT: rimururu, shiki 가 **똑같은 말로 시작한다** — "끝까지 갈린 판이야" (정렬하면 맨 앞에 온다. 실행기에서 이 줄을 갈라 줘라)
  주의: EV_ARCSWEAT: kazuki, asura 가 **똑같은 말로 시작한다** — "끝까지 갈린 판이군" (정렬하면 맨 앞에 온다. 실행기에서 이 줄을 갈라 줘라)
  주의: EV_ARCCHOKE: rimururu, genjuro, charlotte, jubei, kazuki 가 **똑같은 말로 시작한다** — "먼저 따 놓고 내리 두 판이라니" (정렬하면 맨 앞에 온다. 실행기에서 이 줄을 갈라 줘라)
  주의: EV_ARCSLIP: genjuro, sogetsu, asura 가 **똑같은 말로 시작한다** — "거의 잡았던 판이다" (정렬하면 맨 앞에 온다. 실행기에서 이 줄을 갈라 줘라)
  다름 haohmaru.EV_SURV
    새것에만: %d연승, 신기록이다!! 어디까지 가나 보자!!
    새것에만: %d연승! 검이 뜨거워졌다!
    새것에만: %d연승 중! 다음 놈도 베어라!
  다름 haohmaru.EV_STAGE
    새것에만: %d연전째. 손이 완전히 풀렸겠군
  다름 haohmaru.EV_MOVEHIT
    새것에만: %s 깨끗하게 맞았군!
    새것에만: %s 들어갔다!
    새것에만: %s 적중이다!
  다름 haohmaru.EV_MOVEDOWN
    새것에만: 깨끗하게 눕혔군!
    새것에만: 잘 눕혔다!
  다름 haohmaru.EV_RECORD
    새것에만: 오늘 %d전 %d승… 다음 판에 갚아주지
  다름 nakoruru.EV_SURV
    새것에만: %d연승, 신기록이에요!! 대단해요!!
    새것에만: 벌써 %d연승이에요! 무리는 마세요?
    새것에만: %d연승이에요! 다음 분도 힘내요!
  다름 nakoruru.EV_STAGE
    새것에만: %d연전째예요. 지치진 않으셨어요?
  다름 nakoruru.EV_CHARSELCHAT
    새것에만: 리무루루도 있어요. 제 동생이에요
    새것에만: 하오마루 씨는… 또 술 냄새가 나는 것 같아요
  다름 nakoruru.EV_MOVEHIT
    새것에만: %s 닿았어요!
    새것에만: %s 들어갔어요
    새것에만: %s 맞았어요!
    새것에만: %s 스쳤어요!
    새것에만: %s 잘 노렸어요!
  다름 nakoruru.EV_MOVEDOWN
    새것에만: 눕혔어요!
    새것에만: 땅에 닿았어요
    새것에만: 쓰러뜨렸어요!
    새것에만: 일어나기 힘들겠어요
    새것에만: 크게 넘어갔어요!
  다름 nakoruru.EV_RECORD
    새것에만: 오늘 %d전 %d승… 다음엔 꼭!
  다름 hanzo.EV_SURV
    새것에만: …%d연승. 새 기록이군
    새것에만: …%d연승. 손색없다
    새것에만: …%d연승. 계속해라
    새것에만: …%d연승. 다음이다
    새것에만: …%d연승. 신기록이다. 계속해라
    새것에만: …%d연승. 아직이다
    새것에만: …%d연승. 인정하마
    새것에만: …%d연승. 전례가 없다
    새것에만: …%d연승. 훌륭하다
  다름 hanzo.EV_STAGE
    새것에만: …%d연전. 몸이 익었을 때다
    새것에만: …%d연전. 아직 멀었다
    새것에만: …%d연전. 흐름을 탔군
  다름 hanzo.EV_CHARSELCHAT
    새것에만: …겐주로. 삿된 검이다
    새것에만: …리무루루. 아직 어리다
    새것에만: …시키. 위험한 눈이군
    새것에만: 카자마 형제… 불과 물이군
  다름 hanzo.EV_MOVEHIT
    새것에만: %s 가볍군.
    새것에만: %s 닿았다.
    새것에만: %s 들어갔다.
    새것에만: %s 맞았다.
    새것에만: %s 명중.
  다름 hanzo.EV_MOVEDOWN
    새것에만: 꺾었다.
    새것에만: 넘겼다.
    새것에만: 눕혔다.
    새것에만: 무너뜨렸다.
    새것에만: 쓰러뜨렸다.
  다름 hanzo.EV_RECORD
    새것에만: …오늘 %d전 %d승. 패배도 기록해 둬라
  다름 galford.EV_SURV
    새것에만: %d연승 신기록!! 히스토리 메이커다!!
    새것에만: %d연승!! 폭주 기관차다!
    새것에만: %d연승 스트릭! 고고!!
  다름 galford.EV_STAGE
    새것에만: 벌써 %d연전! 엔진 다 데워졌다!
    새것에만: 벌써 %d연전! 흐름이 붙었다!
    새것에만: 벌써 %d연전이다! 아직 팔팔하다!
  다름 galford.EV_CHARSELCHAT
    새것에만: 샤를로트의 검은 예술이다!
    새것에만: 우쿄는 조용하지만 무섭다!
  다름 galford.EV_MOVEHIT
    새것에만: %s 깔끔한 히트다!
    새것에만: %s 맞았다! 나이스!
    새것에만: %s 제대로 들어갔다!
    새것에만: %s 히트! 좋았어!
    새것에만: %s 히트다!
  다름 galford.EV_MOVEDOWN
    새것에만: 눕혔다! 파피, 봤냐!
    새것에만: 다운이다! 나이스!
    새것에만: 멋진 마무리다!
    새것에만: 완전히 넘어갔다!
    새것에만: 테이크다운!
  다름 galford.EV_RECORD
    새것에만: 오늘 %d전 %d승… 다음 장이 있다!
    새것에만: 오늘 %d전 %d승… 여기서부터다!
    새것에만: 오늘 %d전 %d승… 재기의 스토리다!
  다름 rimururu.EV_SURV
    새것에만: %d연승, 신기록이야!
    새것에만: %d연승! 손이 뜨거워졌어
    새것에만: %d연승 중! 다음도 가자
  다름 rimururu.EV_STAGE
    새것에만: %d연전째. 손이 다 풀렸겠다
  다름 rimururu.EV_MOVEHIT
    새것에만: %s 깔끔하게 맞췄어!
    새것에만: %s 들어갔어!
    새것에만: %s 맞았어!
  다름 rimururu.EV_MOVEDOWN
    새것에만: 깨끗하게 눕혔네!
    새것에만: 잘 눕혔어!
  다름 rimururu.EV_RECORD
    새것에만: 오늘 %d전 %d승… 다음엔 갚자
  다름 genjuro.EV_SURV
    새것에만: %d연승, 신기록이군. 더 가라
    새것에만: %d연승. 손이 뜨겁군
    새것에만: %d연승 중이다. 다음 목이다
  다름 genjuro.EV_STAGE
    새것에만: %d연전째군. 슬슬 재밌나
  다름 genjuro.EV_MOVEHIT
    새것에만: %s 고작 그건가
    새것에만: %s 들어갔다. 그래서?
    새것에만: %s 맞췄군
  다름 genjuro.EV_MOVEDOWN
    새것에만: 눕혔군. 쿠쿡
    새것에만: 바닥에 재웠다
  다름 genjuro.EV_RECORD
    새것에만: 오늘 %d전 %d승… 시시하군
  다름 ukyo.EV_SURV
    새것에만: %d연승, 신기록이군
    새것에만: %d연승. 검이 잘 드는군
    새것에만: %d연승 중이야. 계속 가
  다름 ukyo.EV_STAGE
    새것에만: %d연전째. 손이 풀렸겠군
  다름 ukyo.EV_MOVEHIT
    새것에만: %s 가볍게 스쳤군
    새것에만: %s 곱게 들어갔어
    새것에만: %s 닿았군
  다름 ukyo.EV_MOVEDOWN
    새것에만: 곱게 눕혔어
    새것에만: 눕혔군
  다름 ukyo.EV_RECORD
    새것에만: 오늘 %d전 %d승… 다음이야
  다름 charlotte.EV_SURV
    새것에만: %d연승, 신기록입니다
    새것에만: %d연승, 검이 뜨겁습니다
    새것에만: %d연승 중입니다. 계속하세요
  다름 charlotte.EV_STAGE
    새것에만: %d연전째입니다. 손이 풀리셨겠죠
  다름 charlotte.EV_MOVEHIT
    새것에만: %s 깨끗한 적중입니다
    새것에만: %s 정확히 닿았습니다
    새것에만: %s 좋은 찌르기였습니다
  다름 charlotte.EV_MOVEDOWN
    새것에만: 깨끗하게 눕히셨습니다
    새것에만: 훌륭한 마무리 자세입니다
  다름 charlotte.EV_RECORD
    새것에만: 오늘 %d전 %d승… 다음에 갚으시죠
  다름 jubei.EV_SURV
    새것에만: %d연승, 신기록이군. 대단하다
    새것에만: %d연승. 검이 뜨거워졌군
    새것에만: %d연승 중이다. 계속 가라
  다름 jubei.EV_STAGE
    새것에만: %d연전째군. 손이 풀렸겠다
  다름 jubei.EV_MOVEHIT
    새것에만: %s 깨끗한 한 수군
    새것에만: %s 닿았군
    새것에만: %s 들어갔다
  다름 jubei.EV_MOVEDOWN
    새것에만: 군더더기 없이 눕혔다
    새것에만: 잘 눕혔군
  다름 jubei.EV_RECORD
    새것에만: 오늘 %d전 %d승. 다음에 갚자
  다름 kazuki.EV_SURV
    새것에만: %d연승, 신기록이다! 더 가자
    새것에만: %d연승! 불이 뜨거워졌다
    새것에만: %d연승 중! 다음 놈도 태워라
  다름 kazuki.EV_STAGE
    새것에만: %d연전째. 손 완전히 풀렸겠군
  다름 kazuki.EV_MOVEHIT
    새것에만: %s 깨끗하게 스쳤군!
    새것에만: %s 들어갔다!
    새것에만: %s 맞췄다!
  다름 kazuki.EV_MOVEDOWN
    새것에만: 깔끔하게 눕혔군!
    새것에만: 잘 눕혔다!
  다름 kazuki.EV_RECORD
    새것에만: 오늘 %d전 %d승… 갚아주지
  다름 sogetsu.EV_SURV
    새것에만: %d연승. 신기록이다
    새것에만: %d연승. 물살이 거세다
    새것에만: %d연승 중이다. 다음도 베어라
  다름 sogetsu.EV_STAGE
    새것에만: %d연전째다. 몸은 풀렸겠지
  다름 sogetsu.EV_MOVEHIT
    새것에만: %s 깨끗하게 들어갔다
    새것에만: %s 닿았다
    새것에만: %s 적중이다
  다름 sogetsu.EV_MOVEDOWN
    새것에만: 깨끗하게 눕혔다
    새것에만: 눕혔다
  다름 sogetsu.EV_RECORD
    새것에만: 오늘 %d전 %d승. 다음에 갚는다
  다름 asura.EV_SURV
    새것에만: %d연승, 신기록이다. 끝을 보자
    새것에만: %d연승. 검이 뜨겁군
    새것에만: %d연승 중이다. 다음도 베어라
  다름 asura.EV_STAGE
    새것에만: %d연전째군. 손이 풀렸겠지
  다름 asura.EV_MOVEHIT
    새것에만: %s 닿았다
    새것에만: %s 베였군
    새것에만: %s 얕지만 남는다
  다름 asura.EV_MOVEDOWN
    새것에만: 깨끗하게 쓰러뜨렸군
    새것에만: 눕혔다
  다름 asura.EV_RECORD
    새것에만: 오늘 %d전 %d승… 다음에 갚아라
  다름 shiki.EV_SURV
    새것에만: %d연승. 신기록이다
    새것에만: %d연승. 손이 뜨겁다
    새것에만: %d연승 중. 다음도 벤다
  다름 shiki.EV_STAGE
    새것에만: %d연전째. 손이 풀렸다
  다름 shiki.EV_MOVEHIT
    새것에만: %s …맞았어
    새것에만: %s 닿았다
    새것에만: %s 들어갔다
  다름 shiki.EV_MOVEDOWN
    새것에만: …쓰러졌어
    새것에만: 눕혔다
  다름 shiki.EV_RECORD
    새것에만: 오늘 %d전 %d승… 다음에 갚아
  다름 morozumi.EV_SURV
    새것에만: %d연승, 신기록입니다. 아름답군요
    새것에만: %d연승. 색이 뜨겁습니다
    새것에만: %d연승 중. 계속 그리시죠
  다름 morozumi.EV_STAGE
    새것에만: %d연전째. 손이 다 풀렸겠군요
  다름 morozumi.EV_MOVEHIT
    새것에만: %s 닿았습니다. 곱군요
    새것에만: %s 얕지만 정확한 획
    새것에만: %s 한 점 찍혔습니다
  다름 morozumi.EV_MOVEDOWN
    새것에만: 깨끗하게 눕혔습니다
    새것에만: 눕혔습니다. 선이 곱군요
  다름 morozumi.EV_RECORD
    새것에만: 오늘 %d전 %d승… 덧칠이 필요합니다
  다름 yuga.EV_SURV
    새것에만: %d연승, 신기록이군. 후후
    새것에만: %d연승이군. 흥미롭다
    새것에만: %d연승 중. 계속 해보아라
  다름 yuga.EV_STAGE
    새것에만: %d연전째군. 지치지 마라
  다름 yuga.EV_MOVEHIT
    새것에만: %s 가볍게 스쳤군
    새것에만: %s 닿았군
    새것에만: %s 맞았구나
  다름 yuga.EV_MOVEDOWN
    새것에만: 깨끗하게 눕혔구나
    새것에만: 잘 눕혔군
  다름 yuga.EV_RECORD
    새것에만: 오늘 %d전 %d승. 가엾구나

집합 일치 867 / 다름 78 (전체 945)
