# 새 헤더로 구운 APK — 실증

ss2comm_lines.h.new 를 NGP.emu/src/ss2comm/ 에 넣고 §9 만 다시 돌린 결과다.
작업 트리는 확인 뒤 master 상태로 되돌려 뒀다.

## 두 번째 빌드는 정말 빠르다 (BUILD.md §10 검증)

    102초 (gradle 40초)
    44 actionable tasks: 5 executed, 39 up-to-date     ← 문서가 말한 그대로

## 기준표

전항 통과. 단 두 줄이 바뀐다 — **되살린 대사 때문이고 정상이다.**

    겐주로     23 → 24
    하오마루   23 → 24

늘어난 한 줄씩의 정체:
    "…겐주로. 삿된 검이다"                        (hanzo.charselChat, 옛 표에서 잘려 있었다)
    "하오마루 씨는… 또 술 냄새가 나는 것 같아요"  (nakoruru.charselChat, 마찬가지)

**새 헤더를 채택하면 기준표의 이 두 값을 24 로 고쳐야 한다.**

## 되살린 대사가 실제로 APK 안에 있다

문자열 바이트로 직접 확인했다 (새 = 이 빌드 / 옛CI = emu-ex-plus-alpha Pre-release)

    새=1  옛=0   …겐주로. 삿된 검이다
    새=1  옛=0   하오마루 씨는… 또 술 냄새가 나는 것 같아요
    새=1  옛=0   샤를로트의 검은 예술이다!
    새=1  옛=0   카자마 형제… 불과 물이군

## 자리 계약 고침도 들어갔다

    새=1  옛=0   다음 판에 갚아주지          ← RECORD 1번. 이제 져도 "술맛" 이라고 안 한다
    새=1  옛=0   깨끗하게 눕혔군!             ← MOVEDOWN 1번. %s 없는 문장이라 "로 눕혔군!" 이 안 나온다
    새=1  옛=0   적중이다!                    ← MOVEHIT 2번(약타). 이제 약타에 강타 대사가 안 나온다
    새=1  옛=0   연승 중! 다음 놈도 베어라!   ← SURV 3번(3연승). 3연승에 "전설을 쓰는군" 이 안 나온다

## 크기·해시

              옛 헤더        새 헤더
    APK       4,567,868      4,577,866
    arm64     2,621,888      2,661,408
    arm64 md5 ed3120c7...    24a72929...

서명 v1+v2+v3 모두 verified.
